
RaaJ@DESKTOP-IRQ9V8D MINGW64 ~
$ cd C:\Users\RaaJ\Desktop\github\html assn
bash: cd: too many arguments

RaaJ@DESKTOP-IRQ9V8D MINGW64 ~
$ cd C:\Users\RaaJ\Desktop\github\html_assn
bash: cd: C:UsersRaaJDesktopgithubhtml_assn: No such file or directory

RaaJ@DESKTOP-IRQ9V8D MINGW64 ~
$ cd
.vscode/
AppData/
Application Data/
Contacts/
Cookies/
Desktop/
Documents/
Downloads/
Favorites/
Links/
Local Settings/
Music/
My Documents/
NTUSER.DAT
NTUSER.DAT{1c2b59c6-c5f5-11eb-bacb-000d3a96488e}.TM.blf
NTUSER.DAT{1c2b59c6-c5f5-11eb-bacb-000d3a96488e}.TMContainer00000000000000000001.regtrans-ms
NTUSER.DAT{1c2b59c6-c5f5-11eb-bacb-000d3a96488e}.TMContainer00000000000000000002.regtrans-ms
NetHood/
OneDrive/
Pictures/
PrintHood/
Recent/
Saved Games/
--More--^C

RaaJ@DESKTOP-IRQ9V8D MINGW64 ~
$ cd Desktop/

RaaJ@DESKTOP-IRQ9V8D MINGW64 ~/Desktop
$ cd github/

RaaJ@DESKTOP-IRQ9V8D MINGW64 ~/Desktop/github
$ cd
css_assn/  html_assn/

RaaJ@DESKTOP-IRQ9V8D MINGW64 ~/Desktop/github
$ cd html_assn/

RaaJ@DESKTOP-IRQ9V8D MINGW64 ~/Desktop/github/html_assn
$ git clone https://github.com/Raajvj/HTML_basics.git
Cloning into 'HTML_basics'...
remote: Enumerating objects: 4, done.
remote: Counting objects: 100% (4/4), done.
remote: Compressing objects: 100% (3/3), done.
remote: Total 4 (delta 0), reused 0 (delta 0), pack-reused 0
Receiving objects: 100% (4/4), done.

RaaJ@DESKTOP-IRQ9V8D MINGW64 ~/Desktop/github/html_assn
$ cd HTML
HTML_basics/ html assn10/ html assn3/  html assn5/  html assn7/  html assn9/
html assn1/  html assn2/  html assn4/  html assn6/  html assn8/

RaaJ@DESKTOP-IRQ9V8D MINGW64 ~/Desktop/github/html_assn
$ git add .

RaaJ@DESKTOP-IRQ9V8D MINGW64 ~/Desktop/github/html_assn (main)
$ git commit -m "my first push"
Author identity unknown

*** Please tell me who you are.

Run

  git config --global user.email "you@example.com"
  git config --global user.name "Your Name"

to set your account's default identity.
Omit --global to set the identity only in this repository.

fatal: unable to auto-detect email address (got 'RaaJ@DESKTOP-IRQ9V8D.(none)')

RaaJ@DESKTOP-IRQ9V8D MINGW64 ~/Desktop/github/html_assn (main)
$ ^C

RaaJ@DESKTOP-IRQ9V8D MINGW64 ~/Desktop/github/html_assn (main)
$ git config --global user.email "you@example.com"

RaaJ@DESKTOP-IRQ9V8D MINGW64 ~/Desktop/github/html_assn (main)
$ git config --global user.email "Raajvj@example.com"

RaaJ@DESKTOP-IRQ9V8D MINGW64 ~/Desktop/github/html_assn (main)
$ git config --global user.name "Raajvj"

RaaJ@DESKTOP-IRQ9V8D MINGW64 ~/Desktop/github/html_assn (main)
$ git pull
Already up to date.

RaaJ@DESKTOP-IRQ9V8D MINGW64 ~/Desktop/github/html_assn (main)
$ git push
Everything up-to-date

RaaJ@DESKTOP-IRQ9V8D MINGW64 ~/Desktop/github/html_assn (main)
$ git add .

RaaJ@DESKTOP-IRQ9V8D MINGW64 ~/Desktop/github/html_assn (main)
$ git commit -m "my first push"
[main d8c7174] my first push
 19 files changed, 272 insertions(+)
 rename LICENSE => HTML_basics/LICENSE (100%)
 rename README.md => HTML_basics/README.md (100%)
 create mode 100644 html assn1/assign1.html
 create mode 100644 html assn10/10.5.html
 create mode 100644 html assn10/assign10.html
 create mode 100644 html assn2/assign2.html
 create mode 100644 html assn3/assign3.html
 create mode 100644 html assn4/4.5.html
 create mode 100644 html assn4/assign4.html
 create mode 100644 html assn4/messi3.webp
 create mode 100644 html assn5/assign5.html
 create mode 100644 html assn6/assign6.html
 create mode 100644 html assn6/messi3.webp
 create mode 100644 html assn7/assign7.html
 create mode 100644 html assn8/assign8.html
 create mode 100644 html assn9/Kathalar Dhinam Bgm.mp3
 create mode 100644 html assn9/assign9.html
 create mode 100644 html assn9/bikeriding.mp4
 create mode 100644 html assn9/messi3.webp

RaaJ@DESKTOP-IRQ9V8D MINGW64 ~/Desktop/github/html_assn (main)
$ git pull
Already up to date.

RaaJ@DESKTOP-IRQ9V8D MINGW64 ~/Desktop/github/html_assn (main)
$ git push
Enumerating objects: 28, done.
Counting objects: 100% (28/28), done.
Delta compression using up to 4 threads
Compressing objects: 100% (21/21), done.
Writing objects: 100% (27/27), 5.90 MiB | 522.00 KiB/s, done.
Total 27 (delta 1), reused 0 (delta 0), pack-reused 0
remote: Resolving deltas: 100% (1/1), done.
To https://github.com/Raajvj/HTML_basics.git
   317bdc7..d8c7174  main -> main

RaaJ@DESKTOP-IRQ9V8D MINGW64 ~/Desktop/github/html_assn (main)
$

